
CHINNU@DESKTOP-F6DA9KA MINGW64 ~
$ mkdir github1

CHINNU@DESKTOP-F6DA9KA MINGW64 ~
$ cd github1

CHINNU@DESKTOP-F6DA9KA MINGW64 ~/github1
$ git init
Initialized empty Git repository in C:/Users/CHINNU/github1/.git/

CHINNU@DESKTOP-F6DA9KA MINGW64 ~/github1 (master)
$ git add git1.txt
fatal: pathspec 'git1.txt' did not match any files

CHINNU@DESKTOP-F6DA9KA MINGW64 ~/github1 (master)
$ touch git1.txt

CHINNU@DESKTOP-F6DA9KA MINGW64 ~/github1 (master)
$ git add git1.txt

CHINNU@DESKTOP-F6DA9KA MINGW64 ~/github1 (master)
$ vi git1.txt

CHINNU@DESKTOP-F6DA9KA MINGW64 ~/github1 (master)
$ git commit -m "This is Testfile1"
[master (root-commit) 5618bb1] This is Testfile1
 1 file changed, 0 insertions(+), 0 deletions(-)
 create mode 100644 git1.txt

CHINNU@DESKTOP-F6DA9KA MINGW64 ~/github1 (master)
$ git add git1.txt
warning: LF will be replaced by CRLF in git1.txt.
The file will have its original line endings in your working directory

CHINNU@DESKTOP-F6DA9KA MINGW64 ~/github1 (master)
$ git status
On branch master
Changes to be committed:
  (use "git restore --staged <file>..." to unstage)
        modified:   git1.txt

CHINNU@DESKTOP-F6DA9KA MINGW64 ~/github1 (master)
$ cat git1.txt
this is file1
this is file2

